// Jest Snapshot v1, https://goo.gl/fbAQLP

exports[`MovieList correctly renders 1`] = `
<div
  className="catalog__movies-list"
>
  <article
    className="small-movie-card catalog__movies-card"
    onMouseEnter={[Function]}
    onMouseLeave={[Function]}
  >
    <video
      className="small-movie-card__image"
      height="175"
      muted={true}
      poster="img/fantastic-beasts-the-crimes-of-grindelwald.jpg"
      width="280"
    >
      <source
        src="https://download.blender.org/durian/trailer/sintel_trailer-480p.mp4"
        type="video/mp4"
      />
    </video>
    <h3
      className="small-movie-card__title"
    >
      <a
        className="small-movie-card__link"
        href="movie-page.html"
      />
    </h3>
  </article>
  <article
    className="small-movie-card catalog__movies-card"
    onMouseEnter={[Function]}
    onMouseLeave={[Function]}
  >
    <video
      className="small-movie-card__image"
      height="175"
      muted={true}
      poster="img/bohemian-rhapsody.jpg"
      width="280"
    >
      <source
        src="https://download.blender.org/durian/trailer/sintel_trailer-480p.mp4"
        type="video/mp4"
      />
    </video>
    <h3
      className="small-movie-card__title"
    >
      <a
        className="small-movie-card__link"
        href="movie-page.html"
      />
    </h3>
  </article>
  <article
    className="small-movie-card catalog__movies-card"
    onMouseEnter={[Function]}
    onMouseLeave={[Function]}
  >
    <video
      className="small-movie-card__image"
      height="175"
      muted={true}
      poster="img/macbeth.jpg"
      width="280"
    >
      <source
        src="https://download.blender.org/durian/trailer/sintel_trailer-480p.mp4"
        type="video/mp4"
      />
    </video>
    <h3
      className="small-movie-card__title"
    >
      <a
        className="small-movie-card__link"
        href="movie-page.html"
      />
    </h3>
  </article>
  <article
    className="small-movie-card catalog__movies-card"
    onMouseEnter={[Function]}
    onMouseLeave={[Function]}
  >
    <video
      className="small-movie-card__image"
      height="175"
      muted={true}
      poster="img/aviator.jpg"
      width="280"
    >
      <source
        src="https://download.blender.org/durian/trailer/sintel_trailer-480p.mp4"
        type="video/mp4"
      />
    </video>
    <h3
      className="small-movie-card__title"
    >
      <a
        className="small-movie-card__link"
        href="movie-page.html"
      />
    </h3>
  </article>
  <article
    className="small-movie-card catalog__movies-card"
    onMouseEnter={[Function]}
    onMouseLeave={[Function]}
  >
    <video
      className="small-movie-card__image"
      height="175"
      muted={true}
      poster="img/we-need-to-talk-about-kevin.jpg"
      width="280"
    >
      <source
        src="https://download.blender.org/durian/trailer/sintel_trailer-480p.mp4"
        type="video/mp4"
      />
    </video>
    <h3
      className="small-movie-card__title"
    >
      <a
        className="small-movie-card__link"
        href="movie-page.html"
      />
    </h3>
  </article>
</div>
`;
