// Jest Snapshot v1, https://goo.gl/fbAQLP

exports[`Tabs correctly renders 1`] = `
Array [
  <nav
    className="movie-nav movie-card__nav"
  >
    <ul
      className="movie-nav__list"
    >
      <li
        className="movie-nav__item movie-nav__item--active"
      >
        <a
          className="movie-nav__link"
          href="#"
          onClick={[Function]}
        >
          Overview
        </a>
      </li>
      <li
        className="movie-nav__item "
      >
        <a
          className="movie-nav__link"
          href="#"
          onClick={[Function]}
        >
          Details
        </a>
      </li>
      <li
        className="movie-nav__item "
      >
        <a
          className="movie-nav__link"
          href="#"
          onClick={[Function]}
        >
          Reviews
        </a>
      </li>
    </ul>
  </nav>,
  <div>
    <div
      className="movie-rating"
    >
      <div
        className="movie-rating__score"
      >
        3.6
      </div>
      <p
        className="movie-rating__meta"
      >
        <span
          className="movie-rating__level"
        >
          normal
        </span>
        <span
          className="movie-rating__count"
        >
          165106
           ratings
        </span>
      </p>
    </div>
    <div
      className="movie-card__text"
    >
      <p>
        A year after their father's funeral, three brothers travel across India by train in an attempt to bond with each other.
      </p>
      <p
        className="movie-card__director"
      >
        <strong>
          Wes Anderson
        </strong>
      </p>
      <p
        className="movie-card__starring"
      >
        <strong>
          Owen Wilson, Adrien Brody, Jason Schwartzman
           and other
        </strong>
      </p>
    </div>
  </div>,
  <div />,
  <div />,
]
`;
