// Jest Snapshot v1, https://goo.gl/fbAQLP

exports[`TabContent correctly renders 1`] = `
<div
  className="movie-card__reviews movie-card__row"
/>
`;
