// Jest Snapshot v1, https://goo.gl/fbAQLP

exports[`MovieDetails correctly renders 1`] = `
<Context.Provider
  value={
    Object {
      "store": Object {
        "dispatch": [Function],
        "getState": [Function],
        "replaceReducer": [Function],
        "subscribe": [Function],
        Symbol(observable): [Function],
      },
      "subscription": Subscription {
        "handleChangeWrapper": [Function],
        "listeners": Object {
          "notify": [Function],
        },
        "onStateChange": [Function],
        "parentSub": undefined,
        "store": Object {
          "dispatch": [Function],
          "getState": [Function],
          "replaceReducer": [Function],
          "subscribe": [Function],
          Symbol(observable): [Function],
        },
        "unsubscribe": null,
      },
    }
  }
>
  <BrowserRouter>
    <MovieDetails
      handleCommentsLoad={[MockFunction]}
      movie={
        Object {
          "background_color": "#AD9F8B",
          "background_image": "https://es31-server.appspot.com/wtw/static/film/background/Dardjeeling_Limited.jpg",
          "description": "A year after their father's funeral, three brothers travel across India by train in an attempt to bond with each other.",
          "director": "Wes Anderson",
          "genre": "Adventure",
          "id": 1,
          "is_favorite": false,
          "name": "Dardjeeling Limited",
          "poster_image": "https://es31-server.appspot.com/wtw/static/film/poster/Dardjeeling_Limited.jpg",
          "preview_image": "https://es31-server.appspot.com/wtw/static/film/preview/dardjeeling_limited.jpg",
          "preview_video_link": "https://download.blender.org/durian/trailer/sintel_trailer-480p.mp4",
          "rating": 3.6,
          "released": 2007,
          "run_time": 91,
          "scores_count": 165106,
          "starring": Array [
            "Owen Wilson",
            "Adrien Brody",
            "Jason Schwartzman",
          ],
          "video_link": "http://peach.themazzone.com/durian/movies/sintel-1024-surround.mp4",
        }
      }
      moviesAlike={
        Array [
          Object {
            "genre": "Comedies",
            "name": "Fantastic Beasts: The Crimes of Grindelwald",
            "preview_image": "img/fantastic-beasts-the-crimes-of-grindelwald.jpg",
            "preview_video_link": "https://download.blender.org/durian/trailer/sintel_trailer-480p.mp4",
          },
          Object {
            "genre": "Crime",
            "name": "Bohemian Rhapsody",
            "preview_image": "img/bohemian-rhapsody.jpg",
            "preview_video_link": "https://download.blender.org/durian/trailer/sintel_trailer-480p.mp4",
          },
          Object {
            "genre": "Documentary",
            "name": "Macbeth",
            "preview_image": "img/macbeth.jpg",
            "preview_video_link": "https://download.blender.org/durian/trailer/sintel_trailer-480p.mp4",
          },
          Object {
            "genre": "Dramas",
            "name": "Aviator",
            "preview_image": "img/aviator.jpg",
            "preview_video_link": "https://download.blender.org/durian/trailer/sintel_trailer-480p.mp4",
          },
          Object {
            "genre": "Horror",
            "name": "We need to talk about Kevin",
            "preview_image": "img/we-need-to-talk-about-kevin.jpg",
            "preview_video_link": "https://download.blender.org/durian/trailer/sintel_trailer-480p.mp4",
          },
        ]
      }
    />
    )
  </BrowserRouter>
</Context.Provider>
`;
