// Jest Snapshot v1, https://goo.gl/fbAQLP

exports[`UserBlock correctly renders 1`] = `
<div
  className="user-block"
>
  <div
    className="user-block__avatar"
  >
    <a
      href="/mylist"
      onClick={[Function]}
    >
      <img
        alt=""
        height="63"
        src=""
        width="63"
      />
    </a>
  </div>
</div>
`;
