// Jest Snapshot v1, https://goo.gl/fbAQLP

exports[`VideoPlayer correctly renders 1`] = `
<video
  className="small-movie-card__image"
  height="175"
  muted={true}
  poster="img/fantastic-beasts-the-crimes-of-grindelwald.jpg"
  width="280"
>
  <source
    src="https://download.blender.org/durian/trailer/sintel_trailer-480p.mp4"
    type="video/mp4"
  />
</video>
`;
